Running Gradle task 'assembleRelease'...                        
flutter : Error: No source specified
At line:1 char:1
+ flutter build apk 2>&1 > "build_output.txt" ; Get-Content build_outpu ...
+ ~~~~~~~~~~~~~~~~~~~~~~~~~~~~~~~~~~~~~~~~~~~
    + CategoryInfo          : NotSpecified: (Error: No source specified:String 
   ) [], RemoteException
    + FullyQualifiedErrorId : NativeCommandError
 

FAILURE: Build failed with an exception.

* What went wrong:
Execution failed for task ':app:l8DexDesugarLibRelease'.
> A failure occurred while executing 
com.android.build.gradle.internal.tasks.L8DexWorkAction
   > Compilation failed to complete

* Try:
> Run with --stacktrace option to get the stack trace.
> Run with --info or --debug option to get more log output.
> Run with --scan to get full insights.
> Get more help at https://help.gradle.org.

BUILD FAILED in 19s
Running Gradle task 'assembleRelease'...                           20.5s
Gradle task assembleRelease failed with exit code 1
